MSBuild version 17.14.60+43b635718 for .NET Framework

  Checking File Globs
  1>Checking Build System
  Building Custom Rule D:/a/REAL/REAL/real-app/CMakeLists.txt
  App.cpp
  AudioSession.cpp
  AutoUpdater.cpp
  CommandLine.cpp
  HttpClient.cpp
  Lang.cpp
  Log.cpp
  Settings.cpp
  Text.cpp
  Version.cpp
  AboutDialog.cpp
  Console.cpp
  DeviceNotification.cpp
D:\a\REAL\REAL\real-app\src\Windows\AboutDialog.cpp(151,43): error C2653: 'Str': is not a class or namespace name [D:\a\REAL\REAL\build\real-app.vcxproj]
D:\a\REAL\REAL\real-app\src\Windows\AboutDialog.cpp(151,48): error C2065: 'AboutTitle': undeclared identifier [D:\a\REAL\REAL\build\real-app.vcxproj]
D:\a\REAL\REAL\real-app\src\Windows\AboutDialog.cpp(153,32): error C2653: 'Str': is not a class or namespace name [D:\a\REAL\REAL\build\real-app.vcxproj]
D:\a\REAL\REAL\real-app\src\Windows\AboutDialog.cpp(153,37): error C2065: 'AboutVersion': undeclared identifier [D:\a\REAL\REAL\build\real-app.vcxproj]
D:\a\REAL\REAL\real-app\src\Windows\AboutDialog.cpp(153,14): error C2672: 'fmt::v5::format': no matching overloaded function found [D:\a\REAL\REAL\build\real-app.vcxproj]
      D:\a\REAL\REAL\real-app\deps\spdlog\include\spdlog\fmt\bundled\format.h(4342,94):
      could be 'std::enable_if<fmt::v5::internal::is_format_string<S>::value,std::string>::type fmt::v5::format(String,const Args ...)'
      D:\a\REAL\REAL\real-app\deps\spdlog\include\spdlog\fmt\bundled\core.h(1515,21):
      or       'std::wstring fmt::v5::format(fmt::v5::wstring_view,const Args ...)'
      D:\a\REAL\REAL\real-app\deps\spdlog\include\spdlog\fmt\bundled\core.h(1506,20):
      or       'std::string fmt::v5::format(fmt::v5::string_view,const Args ...)'
  
D:\a\REAL\REAL\real-app\src\Windows\AboutDialog.cpp(154,49): error C2653: 'Str': is not a class or namespace name [D:\a\REAL\REAL\build\real-app.vcxproj]
D:\a\REAL\REAL\real-app\src\Windows\AboutDialog.cpp(154,54): error C2065: 'AboutDescription': undeclared identifier [D:\a\REAL\REAL\build\real-app.vcxproj]
D:\a\REAL\REAL\real-app\src\Windows\AboutDialog.cpp(156,32): error C2653: 'Str': is not a class or namespace name [D:\a\REAL\REAL\build\real-app.vcxproj]
D:\a\REAL\REAL\real-app\src\Windows\AboutDialog.cpp(156,37): error C2065: 'AboutProject': undeclared identifier [D:\a\REAL\REAL\build\real-app.vcxproj]
D:\a\REAL\REAL\real-app\src\Windows\AboutDialog.cpp(156,14): error C2672: 'fmt::v5::format': no matching overloaded function found [D:\a\REAL\REAL\build\real-app.vcxproj]
      D:\a\REAL\REAL\real-app\deps\spdlog\include\spdlog\fmt\bundled\format.h(4342,94):
      could be 'std::enable_if<fmt::v5::internal::is_format_string<S>::value,std::string>::type fmt::v5::format(String,const Args ...)'
      D:\a\REAL\REAL\real-app\deps\spdlog\include\spdlog\fmt\bundled\core.h(1515,21):
      or       'std::wstring fmt::v5::format(fmt::v5::wstring_view,const Args ...)'
      D:\a\REAL\REAL\real-app\deps\spdlog\include\spdlog\fmt\bundled\core.h(1506,20):
      or       'std::string fmt::v5::format(fmt::v5::string_view,const Args ...)'
  
D:\a\REAL\REAL\real-app\src\Windows\AboutDialog.cpp(157,47): error C2653: 'Str': is not a class or namespace name [D:\a\REAL\REAL\build\real-app.vcxproj]
D:\a\REAL\REAL\real-app\src\Windows\AboutDialog.cpp(157,52): error C2065: 'AboutClose': undeclared identifier [D:\a\REAL\REAL\build\real-app.vcxproj]
  Diagnostics.cpp
  Filesystem.cpp
  MainWindow.cpp
  MinimumLatencyAudioClient.cpp
D:\a\REAL\REAL\real-app\src\Windows\MinimumLatencyAudioClient.cpp(325,24): error C2653: 'Text': is not a class or namespace name [D:\a\REAL\REAL\build\real-app.vcxproj]
D:\a\REAL\REAL\real-app\src\Windows\MinimumLatencyAudioClient.cpp(325,30): error C3861: 'ToUtf8': identifier not found [D:\a\REAL\REAL\build\real-app.vcxproj]
  TrayIcon.cpp
  WindowsError.cpp
  main.cpp
  Generating Code...
cmake --build exit code: 1
