REAL smoke test
== first instance ==

ProductVersion   FileVersion      FileName
--------------   -----------      --------
                                  D:\a\REAL\REAL\build\Release\REAL.exe


main pid=6716 alive=True
== second instance (--exit) ==
second instance exit code 0
main instance exit code 0
== log file ==
[2026-09-23 21:12:46.862] [info] REAL v0.3.0 - REduce Audio Latency, mini)(ant 2018-2019, fork maintained by Mutaracha
[2026-09-23 21:12:46.862] [info] Project: https://github.com/Mutaracha/REAL
[2026-09-23 21:12:46.862] [info] Upstream: https://github.com/miniant-git/REAL
[2026-09-23 21:12:46.862] [info] Settings: D:\a\REAL\REAL\build\Release\real.settings.json (tray=on, minimizeToTray=on, startMinimized=on, closeButton=minimize, dataFlow=render, role=console, period=min, updates=off, priority=normal)
[2026-09-23 21:12:46.863] [info] Power throttling (execution speed) disabled for this process.
[2026-09-23 21:12:46.946] [error] Could not enable low latency mode (render: Could not open the default audio endpoint: the audio endpoint is not available at the moment (device change or audio service restart); another attempt will be made automatically)
[2026-09-23 21:12:46.946] [error] Could not enable low latency mode. render: Could not open the default audio endpoint: the audio endpoint is not available at the moment (device change or audio service restart); another attempt will be made automatically
[2026-09-23 21:12:46.946] [info] Run 'REAL.exe --diagnose' to write a report about the audio devices and drivers.
[2026-09-23 21:12:46.946] [info] Another attempt to enable the low latency mode will be made in 2000 ms.
[2026-09-23 21:12:46.956] [info] Hotkey 'Ctrl+Alt+L' enables/disables the latency reduction.
[2026-09-23 21:12:46.956] [info] Hotkey 'Ctrl+Alt+R' reinitialises the audio streams.
[2026-09-23 21:12:48.933] [info] Retrying to enable the low latency mode...
[2026-09-23 21:12:48.933] [error] Could not enable low latency mode (render: Could not open the default audio endpoint: the audio endpoint is not available at the moment (device change or audio service restart); another attempt will be made automatically)
[2026-09-23 21:12:48.934] [error] Could not enable low latency mode. render: Could not open the default audio endpoint: the audio endpoint is not available at the moment (device change or audio service restart); another attempt will be made automatically
[2026-09-23 21:12:48.934] [info] Run 'REAL.exe --diagnose' to write a report about the audio devices and drivers.
[2026-09-23 21:12:48.960] [info] Another attempt to enable the low latency mode will be made in 4000 ms.
[2026-09-23 21:12:52.881] [info] Exiting...
[2026-09-23 21:12:52.883] [info] REAL stopped.
== generated settings file ==
first instance alive=True
{
  // Версия формата настроек, служебное поле. Текущая версия: 1.
  "configVersion": 1,

  // Окно, запуск и автозапуск приложения.
  "application": {
    // true — стартовать сразу свёрнутым в трей (то же, что ключ запуска --tray).
    "startMinimizedToTray": false,
    // true — кнопка «Свернуть» прячет окно в трей, а не в панель задач.
    "minimizeToTray": true,
    // Что делает крестик окна: "minimize" (в трей) или "exit" (завершить программу).
    "closeButtonAction": "minimize",
    // true — дополнительно открыть окно консоли с журналом (то же, что --console).
    "showConsole": false,
[2026-09-23 21:12:52.941] [info] REAL v0.3.0 - REduce Audio Latency, mini)(ant 2018-2019, fork maintained by Mutaracha
[2026-09-23 21:12:52.941] [info] Project: https://github.com/Mutaracha/REAL
[2026-09-23 21:12:52.941] [info] Upstream: https://github.com/miniant-git/REAL
[2026-09-23 21:12:52.941] [info] Settings: D:\a\_temp\real-settings-test\real.settings.json (tray=on, minimizeToTray=on, startMinimized=on, closeButton=minimize, dataFlow=render, role=console, period=min, updates=off, priority=normal)
[2026-09-23 21:12:52.942] [info] Power throttling (execution speed) disabled for this process.
[2026-09-23 21:12:52.953] [error] Could not enable low latency mode (render: Could not open the default audio endpoint: the audio endpoint is not available at the moment (device change or audio service restart); another attempt will be made automatically)
[2026-09-23 21:12:52.953] [error] Could not enable low latency mode. render: Could not open the default audio endpoint: the audio endpoint is not available at the moment (device change or audio service restart); another attempt will be made automatically
[2026-09-23 21:12:52.953] [info] Run 'REAL.exe --diagnose' to write a report about the audio devices and drivers.
[2026-09-23 21:12:52.953] [info] Another attempt to enable the low latency mode will be made in 2000 ms.
[2026-09-23 21:12:52.958] [info] Hotkey 'Ctrl+Alt+L' enables/disables the latency reduction.
[2026-09-23 21:12:52.958] [info] Hotkey 'Ctrl+Alt+R' reinitialises the audio streams.
[2026-09-23 21:12:54.937] [info] Retrying to enable the low latency mode...
[2026-09-23 21:12:54.937] [error] Could not enable low latency mode (render: Could not open the default audio endpoint: the audio endpoint is not available at the moment (device change or audio service restart); another attempt will be made automatically)
[2026-09-23 21:12:54.937] [error] Could not enable low latency mode. render: Could not open the default audio endpoint: the audio endpoint is not available at the moment (device change or audio service restart); another attempt will be made automatically
[2026-09-23 21:12:54.937] [info] Run 'REAL.exe --diagnose' to write a report about the audio devices and drivers.
[2026-09-23 21:12:54.945] [info] Another attempt to enable the low latency mode will be made in 4000 ms.
[2026-09-23 21:12:58.937] [info] Retrying to enable the low latency mode...
[2026-09-23 21:12:58.937] [error] Could not enable low latency mode (render: Could not open the default audio endpoint: the audio endpoint is not available at the moment (device change or audio service restart); another attempt will be made automatically)
[2026-09-23 21:12:58.937] [error] Could not enable low latency mode. render: Could not open the default audio endpoint: the audio endpoint is not available at the moment (device change or audio service restart); another attempt will be made automatically
[2026-09-23 21:12:58.937] [info] Run 'REAL.exe --diagnose' to write a report about the audio devices and drivers.
[2026-09-23 21:12:58.955] [info] Another attempt to enable the low latency mode will be made in 8000 ms.
[2026-09-23 21:12:58.974] [info] Exiting...
[2026-09-23 21:12:58.976] [info] REAL stopped.
[2026-09-23 21:12:59.014] [info] REAL v0.3.0 - REduce Audio Latency, mini)(ant 2018-2019, fork maintained by Mutaracha
[2026-09-23 21:12:59.014] [info] Project: https://github.com/Mutaracha/REAL
[2026-09-23 21:12:59.014] [info] Upstream: https://github.com/miniant-git/REAL
[2026-09-23 21:12:59.014] [info] Settings: D:\a\_temp\real-settings-test\real.settings.json (tray=on, minimizeToTray=on, startMinimized=on, closeButton=minimize, dataFlow=render, role=console, period=min, updates=off, priority=normal)
[2026-09-23 21:12:59.015] [info] Power throttling (execution speed) disabled for this process.
[2026-09-23 21:12:59.026] [error] Could not enable low latency mode (render: Could not open the default audio endpoint: the audio endpoint is not available at the moment (device change or audio service restart); another attempt will be made automatically)
[2026-09-23 21:12:59.026] [error] Could not enable low latency mode. render: Could not open the default audio endpoint: the audio endpoint is not available at the moment (device change or audio service restart); another attempt will be made automatically
[2026-09-23 21:12:59.026] [info] Run 'REAL.exe --diagnose' to write a report about the audio devices and drivers.
[2026-09-23 21:12:59.026] [info] Another attempt to enable the low latency mode will be made in 2000 ms.
[2026-09-23 21:12:59.032] [info] Hotkey 'Ctrl+Alt+L' enables/disables the latency reduction.
[2026-09-23 21:12:59.032] [info] Hotkey 'Ctrl+Alt+R' reinitialises the audio streams.
[2026-09-23 21:13:01.023] [info] Retrying to enable the low latency mode...
[2026-09-23 21:13:01.023] [error] Could not enable low latency mode (render: Could not open the default audio endpoint: the audio endpoint is not available at the moment (device change or audio service restart); another attempt will be made automatically)
[2026-09-23 21:13:01.023] [error] Could not enable low latency mode. render: Could not open the default audio endpoint: the audio endpoint is not available at the moment (device change or audio service restart); another attempt will be made automatically
[2026-09-23 21:13:01.023] [info] Run 'REAL.exe --diagnose' to write a report about the audio devices and drivers.
[2026-09-23 21:13:01.030] [info] Another attempt to enable the low latency mode will be made in 4000 ms.
[2026-09-23 21:13:05.024] [info] Exiting...
[2026-09-23 21:13:05.026] [info] REAL stopped.
== diagnostics report ==
diagnostics exit code -1073741819
log file exists: True; size: 6196
== application log after the diagnostics run ==
[2026-09-23 21:12:52.941] [info] REAL v0.3.0 - REduce Audio Latency, mini)(ant 2018-2019, fork maintained by Mutaracha
[2026-09-23 21:12:52.941] [info] Project: https://github.com/Mutaracha/REAL
[2026-09-23 21:12:52.941] [info] Upstream: https://github.com/miniant-git/REAL
[2026-09-23 21:12:52.941] [info] Settings: D:\a\_temp\real-settings-test\real.settings.json (tray=on, minimizeToTray=on, startMinimized=on, closeButton=minimize, dataFlow=render, role=console, period=min, updates=off, priority=normal)
[2026-09-23 21:12:52.942] [info] Power throttling (execution speed) disabled for this process.
[2026-09-23 21:12:52.953] [error] Could not enable low latency mode (render: Could not open the default audio endpoint: the audio endpoint is not available at the moment (device change or audio service restart); another attempt will be made automatically)
[2026-09-23 21:12:52.953] [error] Could not enable low latency mode. render: Could not open the default audio endpoint: the audio endpoint is not available at the moment (device change or audio service restart); another attempt will be made automatically
[2026-09-23 21:12:52.953] [info] Run 'REAL.exe --diagnose' to write a report about the audio devices and drivers.
[2026-09-23 21:12:52.953] [info] Another attempt to enable the low latency mode will be made in 2000 ms.
[2026-09-23 21:12:52.958] [info] Hotkey 'Ctrl+Alt+L' enables/disables the latency reduction.
[2026-09-23 21:12:52.958] [info] Hotkey 'Ctrl+Alt+R' reinitialises the audio streams.
[2026-09-23 21:12:54.937] [info] Retrying to enable the low latency mode...
[2026-09-23 21:12:54.937] [error] Could not enable low latency mode (render: Could not open the default audio endpoint: the audio endpoint is not available at the moment (device change or audio service restart); another attempt will be made automatically)
[2026-09-23 21:12:54.937] [error] Could not enable low latency mode. render: Could not open the default audio endpoint: the audio endpoint is not available at the moment (device change or audio service restart); another attempt will be made automatically
[2026-09-23 21:12:54.937] [info] Run 'REAL.exe --diagnose' to write a report about the audio devices and drivers.
[2026-09-23 21:12:54.945] [info] Another attempt to enable the low latency mode will be made in 4000 ms.
[2026-09-23 21:12:58.937] [info] Retrying to enable the low latency mode...
[2026-09-23 21:12:58.937] [error] Could not enable low latency mode (render: Could not open the default audio endpoint: the audio endpoint is not available at the moment (device change or audio service restart); another attempt will be made automatically)
[2026-09-23 21:12:58.937] [error] Could not enable low latency mode. render: Could not open the default audio endpoint: the audio endpoint is not available at the moment (device change or audio service restart); another attempt will be made automatically
[2026-09-23 21:12:58.937] [info] Run 'REAL.exe --diagnose' to write a report about the audio devices and drivers.
[2026-09-23 21:12:58.955] [info] Another attempt to enable the low latency mode will be made in 8000 ms.
[2026-09-23 21:12:58.974] [info] Exiting...
[2026-09-23 21:12:58.976] [info] REAL stopped.
[2026-09-23 21:12:59.014] [info] REAL v0.3.0 - REduce Audio Latency, mini)(ant 2018-2019, fork maintained by Mutaracha
[2026-09-23 21:12:59.014] [info] Project: https://github.com/Mutaracha/REAL
[2026-09-23 21:12:59.014] [info] Upstream: https://github.com/miniant-git/REAL
[2026-09-23 21:12:59.014] [info] Settings: D:\a\_temp\real-settings-test\real.settings.json (tray=on, minimizeToTray=on, startMinimized=on, closeButton=minimize, dataFlow=render, role=console, period=min, updates=off, priority=normal)
[2026-09-23 21:12:59.015] [info] Power throttling (execution speed) disabled for this process.
[2026-09-23 21:12:59.026] [error] Could not enable low latency mode (render: Could not open the default audio endpoint: the audio endpoint is not available at the moment (device change or audio service restart); another attempt will be made automatically)
[2026-09-23 21:12:59.026] [error] Could not enable low latency mode. render: Could not open the default audio endpoint: the audio endpoint is not available at the moment (device change or audio service restart); another attempt will be made automatically
[2026-09-23 21:12:59.026] [info] Run 'REAL.exe --diagnose' to write a report about the audio devices and drivers.
[2026-09-23 21:12:59.026] [info] Another attempt to enable the low latency mode will be made in 2000 ms.
[2026-09-23 21:12:59.032] [info] Hotkey 'Ctrl+Alt+L' enables/disables the latency reduction.
[2026-09-23 21:12:59.032] [info] Hotkey 'Ctrl+Alt+R' reinitialises the audio streams.
[2026-09-23 21:13:01.023] [info] Retrying to enable the low latency mode...
[2026-09-23 21:13:01.023] [error] Could not enable low latency mode (render: Could not open the default audio endpoint: the audio endpoint is not available at the moment (device change or audio service restart); another attempt will be made automatically)
[2026-09-23 21:13:01.023] [error] Could not enable low latency mode. render: Could not open the default audio endpoint: the audio endpoint is not available at the moment (device change or audio service restart); another attempt will be made automatically
[2026-09-23 21:13:01.023] [info] Run 'REAL.exe --diagnose' to write a report about the audio devices and drivers.
[2026-09-23 21:13:01.030] [info] Another attempt to enable the low latency mode will be made in 4000 ms.
[2026-09-23 21:13:05.024] [info] Exiting...
[2026-09-23 21:13:05.026] [info] REAL stopped.
[2026-09-23 21:13:05.082] [info] Diagnostics: collecting information about the audio devices...
[2026-09-23 21:13:05.082] [info] Diagnostics: location and configuration collected.
[2026-09-23 21:13:05.086] [info] Diagnostics: the device enumerator is ready.
[2026-09-23 21:13:05.086] [info] Diagnostics: 0 endpoints for flow playback (render).
[2026-09-23 21:13:05.086] [info] Diagnostics: 0 endpoints for flow recording (capture).
[2026-09-23 21:13:05.087] [info] Diagnostics: the report text has been built (1034 bytes).
== trace ==
RunDiagnostics: entered
RunDiagnostics: settings loaded
RunDiagnostics: logging initialised
report: header ready
report: before CoInitializeEx
report: after CoInitializeEx
report: after CoCreateInstance
report: before EnumerateEndpoints
report: after EnumerateEndpoints
report: before EnumerateEndpoints
report: after EnumerateEndpoints
report: text built
report: after Log::Flush
== symbol lookup for the fault offset 0x0000000000057917 ==
the crash is inside: ?BuildReport@Diagnostics@Windows@miniant@@YA?AV?$basic_string@DU?$char_traits@D@std@@V?$allocator@D@2@@std@@AEBUSettings@Config@3@AEBV?$basic_string@_WU?$char_traits@_W@std@@V?$allocator@_W@2@@5@@Z at 0x0000000140055cd0
== disassembly around   0000000140057917: ==
  00000001400578C2: 48 83 FA 0F        cmp         rdx,0Fh
  00000001400578C6: 76 30              jbe         00000001400578F8
  00000001400578C8: 48 FF C2           inc         rdx
  00000001400578CB: 48 8B 8D 40 01 00  mov         rcx,qword ptr [rbp+0000000000000140h]
                    00
  00000001400578D2: 48 8B C1           mov         rax,rcx
  00000001400578D5: 48 81 FA 00 10 00  cmp         rdx,1000h
                    00
  00000001400578DC: 72 15              jb          00000001400578F3
  00000001400578DE: 48 83 C2 27        add         rdx,27h
  00000001400578E2: 48 8B 49 F8        mov         rcx,qword ptr [rcx-8]
  00000001400578E6: 48 2B C1           sub         rax,rcx
  00000001400578E9: 48 83 E8 08        sub         rax,8
  00000001400578ED: 48 83 F8 1F        cmp         rax,1Fh
  00000001400578F1: 77 73              ja          0000000140057966
  00000001400578F3: E8 5C BF 02 00     call        0000000140083854
  00000001400578F8: E8 13 C1 FD FF     call        0000000140033A10
  00000001400578FD: 48 8D 0D A4 5F 06  lea         rcx,[00000001400BD8A8h]
                    00
  0000000140057904: E8 E7 1A 00 00     call        00000001400593F0
  0000000140057909: 90                 nop
  000000014005790A: 48 8B 4C 24 50     mov         rcx,qword ptr [rsp+50h]
  000000014005790F: 48 85 C9           test        rcx,rcx
  0000000140057912: 74 07              je          000000014005791B
  0000000140057914: 48 8B 11           mov         rdx,qword ptr [rcx]
  0000000140057917: FF 52 10           call        qword ptr [rdx+10h]
  000000014005791A: 90                 nop
  000000014005791B: 49 8B C5           mov         rax,r13
  000000014005791E: 48 8B 8D 30 03 00  mov         rcx,qword ptr [rbp+0000000000000330h]
                    00
  0000000140057925: 48 33 CC           xor         rcx,rsp
  0000000140057928: E8 53 C0 02 00     call        0000000140083980
  000000014005792D: 4C 8D 9C 24 A0 04  lea         r11,[rsp+00000000000004A0h]
                    00 00
  0000000140057935: 49 8B 5B 58        mov         rbx,qword ptr [r11+58h]
  0000000140057939: 41 0F 28 73 F0     movaps      xmm6,xmmword ptr [r11-10h]
  000000014005793E: 41 0F 28 7B E0     movaps      xmm7,xmmword ptr [r11-20h]
  0000000140057943: 45 0F 28 43 D0     movaps      xmm8,xmmword ptr [r11-30h]
  0000000140057948: 45 0F 28 4B C0     movaps      xmm9,xmmword ptr [r11-40h]
  000000014005794D: 45 0F 28 53 B0     movaps      xmm10,xmmword ptr [r11-50h]
  0000000140057952: 45 0F 28 5B A0     movaps      xmm11,xmmword ptr [r11-60h]
  0000000140057957: 49 8B E3           mov         rsp,r11
  000000014005795A: 41 5F              pop         r15
  000000014005795C: 41 5E              pop         r14
  000000014005795E: 41 5D              pop         r13
  0000000140057960: 41 5C              pop         r12
  0000000140057962: 5F                 pop         rdi
  0000000140057963: 5E                 pop         rsi
  0000000140057964: 5D                 pop         rbp
  0000000140057965: C3                 ret
  0000000140057966: 4C 89 7C 24 20     mov         qword ptr [rsp+20h],r15
== crash information ==
Application Error: Faulting application name: REAL.exe, version: 0.0.0.0, time stamp: 0x6ab440ad
Faulting module name: REAL.exe, version: 0.0.0.0, time stamp: 0x6ab440ad
Exception code: 0xc0000005
Fault offset: 0x0000000000057917
Faulting process id: 0x1604
Faulting application start time: 0x01dd4ba053062fb6
Faulting application path: D:\a\_temp\real-settings-test\REAL.exe
Faulting module path: D:\a\_temp\real-settings-test\REAL.exe
Report Id: cb8e816c-51fa-44c7-8bec-9bbdb8873ed6
Faulting package full name: 
Faulting package-relative application ID: 
FAILED: REAL-diagnostics.txt was not written
at <ScriptBlock>, D:\a\_temp\98f3f149-1672-48e7-8bb8-a8005a20859c.ps1: line 158
at <ScriptBlock>, <No file>: line 1
